<html>
<body>
<pre>
<h1>µVision Build Log</h1>
<h2>Project:</h2>
C:\Users\Jeroen\ownCloud\Projects\0 Multi\LED Rotary Dimmer\software\pinmap\LED Rotary Dimmer\MDK-ARM\LED Rotary Dimmer.uvproj
Project File Date:  06/05/2016

<h2>Output:</h2>
Build target 'LED Rotary Dimmer'
assembling startup_stm32f051x8.s...
compiling system_stm32f0xx.c...
compiling stm32f0xx_it.c...
compiling stm32f0xx_hal_msp.c...
compiling main.c...
compiling stm32f0xx_hal_pwr.c...
compiling stm32f0xx_hal_gpio.c...
compiling stm32f0xx_hal_dac.c...
compiling stm32f0xx_hal_comp.c...
compiling stm32f0xx_hal_pwr_ex.c...
compiling stm32f0xx_hal_flash_ex.c...
compiling stm32f0xx_hal_adc_ex.c...
compiling stm32f0xx_hal_dac_ex.c...
compiling stm32f0xx_hal_flash.c...
compiling stm32f0xx_hal_rcc_ex.c...
compiling stm32f0xx_hal_dma.c...
compiling stm32f0xx_hal_i2c_ex.c...
compiling stm32f0xx_hal_iwdg.c...
compiling stm32f0xx_hal.c...
compiling stm32f0xx_hal_adc.c...
compiling stm32f0xx_hal_cortex.c...
compiling stm32f0xx_hal_tim.c...
compiling stm32f0xx_hal_rcc.c...
compiling stm32f0xx_hal_i2c.c...
compiling stm32f0xx_hal_tim_ex.c...
linking...
Program Size: Code=6964 RO-data=236 RW-data=8 ZI-data=1544  
"LED Rotary Dimmer\LED Rotary Dimmer.axf" - 0 Error(s), 0 Warning(s).
</pre>
</body>
</html>
