<html>
<body>
<pre>
<h1>µVision Build Log</h1>
<h2>Project:</h2>
C:\Users\Jeroen\ownCloud\Projects\0 Multi\LED Rotary Dimmer\software\Project.uvproj
Project File Date:  06/05/2016

<h2>Output:</h2>
Build target 'LED Rotary Dimmer'
compiling system_stm32f0xx.c...
compiling main.c...
user\main.h(17): warning:  #1215-D: #warning directive: Are these values up-to-date?
  #warning Are these values up-to-date?
user\main.c: 1 warning, 0 errors
compiling InitMCU.c...
user\InitMCU.c(210): warning:  #1215-D: #warning directive: TODO
        #warning TODO
user\InitMCU.c: 1 warning, 0 errors
compiling interrupts.c...
compiling memories.c...
user\memories.c(79): warning:  #1215-D: #warning directive: todo
  #warning todo
user\memories.c: 1 warning, 0 errors
compiling stm32f0xx_hal.c...
compiling stm32f0xx_hal_adc.c...
compiling stm32f0xx_hal_adc_ex.c...
compiling stm32f0xx_hal_comp.c...
compiling stm32f0xx_hal_cortex.c...
compiling stm32f0xx_hal_crc.c...
compiling stm32f0xx_hal_crc_ex.c...
compiling stm32f0xx_hal_dac.c...
compiling stm32f0xx_hal_dac_ex.c...
compiling stm32f0xx_hal_dma.c...
compiling stm32f0xx_hal_flash.c...
compiling stm32f0xx_hal_flash_ex.c...
compiling stm32f0xx_hal_gpio.c...
compiling stm32f0xx_hal_i2c.c...
compiling stm32f0xx_hal_i2c_ex.c...
compiling stm32f0xx_hal_i2s.c...
compiling stm32f0xx_hal_iwdg.c...
compiling stm32f0xx_hal_pwr.c...
compiling stm32f0xx_hal_pwr_ex.c...
compiling stm32f0xx_hal_rcc.c...
compiling stm32f0xx_hal_rcc_ex.c...
compiling stm32f0xx_hal_rtc.c...
compiling stm32f0xx_hal_rtc_ex.c...
compiling stm32f0xx_hal_tim.c...
compiling stm32f0xx_hal_tim_ex.c...
compiling stm32f0xx_hal_wwdg.c...
linking...
Program Size: Code=4020 RO-data=780 RW-data=36 ZI-data=1636  
FromELF: creating hex file...
".\build\LED_Rotary_Dimmer.axf" - 0 Error(s), 3 Warning(s).
Clean started: Project: 'Project'
   deleting intermediate output files for target 'LED Rotary Dimmer'
dg.c...
compiling stm32f0xx_hal_pwr.c...
compiling stm32f0xx_hal_pwr_ex.c...
compiling stm32f0xx_hal_rcc.c...
compiling stm32f0xx_hal_rcc_ex.c...
compiling stm32f0xx_hal_rtc.c...
compiling stm32f0xx_hal_rtc_ex.c...
compiling stm32f0xx_hal_tim.c...
compiling stm32f0xx_hal_tim_ex.c...
compiling stm32f0xx_hal_wwdg.c...
".\build\LED_Rotary_Dimmer.axf" - 4 Error(s), 3 Warning(s).
Target not created
2f0xx_hal_tim_ex.c...
compiling stm32f0xx_hal_tsc.c...
compiling stm32f0xx_hal_uart.c...
compiling stm32f0xx_hal_uart_ex.c...
compiling stm32f0xx_hal_usart.c...
compiling stm32f0xx_hal_wwdg.c...
".\build\LED_Rotary_Dimmer.axf" - 4 Error(s), 2 Warning(s).
Target not created
xx_hal_def.h(48): error:  #5: cannot open source input file "stm32f0xx.h": No such file or directory
  #include "stm32f0xx.h"
STM32F0xx_HAL_Driver\Src\stm32f0xx_hal_crc.c: 0 warnings, 1 error
compiling stm32f0xx_hal_crc_ex.c...
.\STM32F0xx_HAL_Driver\Inc\stm32f0xx_hal_def.h(48): error:  #5: cannot open source input file "stm32f0xx.h": No such file or directory
  #include "stm32f0xx.h"
STM32F0xx_HAL_Driver\Src\stm32f0xx_hal_crc_ex.c: 0 warnings, 1 error
compiling stm32f0xx_hal_dac.c...
.\STM32F0xx_HAL_Driver\Inc\stm32f0xx_hal_def.h(48): error:  #5: cannot open source input file "stm32f0xx.h": No such file or directory
  #include "stm32f0xx.h"
STM32F0xx_HAL_Driver\Src\stm32f0xx_hal_dac.c: 0 warnings, 1 error
compiling stm32f0xx_hal_dac_ex.c...
.\STM32F0xx_HAL_Driver\Inc\stm32f0xx_hal_def.h(48): error:  #5: cannot open source input file "stm32f0xx.h": No such file or directory
  #include "stm32f0xx.h"
STM32F0xx_HAL_Driver\Src\stm32f0xx_hal_dac_ex.c: 0 warnings, 1 error
compiling stm32f0xx_hal_dma.c...
.\STM32F0xx_HAL_Driver\Inc\stm32f0xx_hal_def.h(48): error:  #5: cannot open source input file "stm32f0xx.h": No such file or directory
  #include "stm32f0xx.h"
STM32F0xx_HAL_Driver\Src\stm32f0xx_hal_dma.c: 0 warnings, 1 error
compiling stm32f0xx_hal_flash.c...
.\STM32F0xx_HAL_Driver\Inc\stm32f0xx_hal_def.h(48): error:  #5: cannot open source input file "stm32f0xx.h": No such file or directory
  #include "stm32f0xx.h"
STM32F0xx_HAL_Driver\Src\stm32f0xx_hal_flash.c: 0 warnings, 1 error
compiling stm32f0xx_hal_flash_ex.c...
.\STM32F0xx_HAL_Driver\Inc\stm32f0xx_hal_def.h(48): error:  #5: cannot open source input file "stm32f0xx.h": No such file or directory
  #include "stm32f0xx.h"
STM32F0xx_HAL_Driver\Src\stm32f0xx_hal_flash_ex.c: 0 warnings, 1 error
compiling stm32f0xx_hal_gpio.c...
.\STM32F0xx_HAL_Driver\Inc\stm32f0xx_hal_def.h(48): error:  #5: cannot open source input file "stm32f0xx.h": No such file or directory
  #include "stm32f0xx.h"
STM32F0xx_HAL_Driver\Src\stm32f0xx_hal_gpio.c: 0 warnings, 1 error
compiling stm32f0xx_hal_i2c.c...
.\STM32F0xx_HAL_Driver\Inc\stm32f0xx_hal_def.h(48): error:  #5: cannot open source input file "stm32f0xx.h": No such file or directory
  #include "stm32f0xx.h"
STM32F0xx_HAL_Driver\Src\stm32f0xx_hal_i2c.c: 0 warnings, 1 error
compiling stm32f0xx_hal_i2c_ex.c...
.\STM32F0xx_HAL_Driver\Inc\stm32f0xx_hal_def.h(48): error:  #5: cannot open source input file "stm32f0xx.h": No such file or directory
  #include "stm32f0xx.h"
STM32F0xx_HAL_Driver\Src\stm32f0xx_hal_i2c_ex.c: 0 warnings, 1 error
compiling stm32f0xx_hal_i2s.c...
.\STM32F0xx_HAL_Driver\Inc\stm32f0xx_hal_def.h(48): error:  #5: cannot open source input file "stm32f0xx.h": No such file or directory
  #include "stm32f0xx.h"
STM32F0xx_HAL_Driver\Src\stm32f0xx_hal_i2s.c: 0 warnings, 1 error
compiling stm32f0xx_hal_iwdg.c...
.\STM32F0xx_HAL_Driver\Inc\stm32f0xx_hal_def.h(48): error:  #5: cannot open source input file "stm32f0xx.h": No such file or directory
  #include "stm32f0xx.h"
STM32F0xx_HAL_Driver\Src\stm32f0xx_hal_iwdg.c: 0 warnings, 1 error
compiling stm32f0xx_hal_msp_template.c...
.\STM32F0xx_HAL_Driver\Inc\stm32f0xx_hal_def.h(48): error:  #5: cannot open source input file "stm32f0xx.h": No such file or directory
  #include "stm32f0xx.h"
STM32F0xx_HAL_Driver\Src\stm32f0xx_hal_msp_template.c: 0 warnings, 1 error
compiling stm32f0xx_hal_pcd.c...
.\STM32F0xx_HAL_Driver\Inc\stm32f0xx_hal_def.h(48): error:  #5: cannot open source input file "stm32f0xx.h": No such file or directory
  #include "stm32f0xx.h"
STM32F0xx_HAL_Driver\Src\stm32f0xx_hal_pcd.c: 0 warnings, 1 error
compiling stm32f0xx_hal_pcd_ex.c...
.\STM32F0xx_HAL_Driver\Inc\stm32f0xx_hal_def.h(48): error:  #5: cannot open source input file "stm32f0xx.h": No such file or directory
  #include "stm32f0xx.h"
STM32F0xx_HAL_Driver\Src\stm32f0xx_hal_pcd_ex.c: 0 warnings, 1 error
compiling stm32f0xx_hal_pwr.c...
.\STM32F0xx_HAL_Driver\Inc\stm32f0xx_hal_def.h(48): error:  #5: cannot open source input file "stm32f0xx.h": No such file or directory
  #include "stm32f0xx.h"
STM32F0xx_HAL_Driver\Src\stm32f0xx_hal_pwr.c: 0 warnings, 1 error
compiling stm32f0xx_hal_pwr_ex.c...
.\STM32F0xx_HAL_Driver\Inc\stm32f0xx_hal_def.h(48): error:  #5: cannot open source input file "stm32f0xx.h": No such file or directory
  #include "stm32f0xx.h"
STM32F0xx_HAL_Driver\Src\stm32f0xx_hal_pwr_ex.c: 0 warnings, 1 error
compiling stm32f0xx_hal_rcc.c...
.\STM32F0xx_HAL_Driver\Inc\stm32f0xx_hal_def.h(48): error:  #5: cannot open source input file "stm32f0xx.h": No such file or directory
  #include "stm32f0xx.h"
STM32F0xx_HAL_Driver\Src\stm32f0xx_hal_rcc.c: 0 warnings, 1 error
compiling stm32f0xx_hal_rcc_ex.c...
.\STM32F0xx_HAL_Driver\Inc\stm32f0xx_hal_def.h(48): error:  #5: cannot open source input file "stm32f0xx.h": No such file or directory
  #include "stm32f0xx.h"
STM32F0xx_HAL_Driver\Src\stm32f0xx_hal_rcc_ex.c: 0 warnings, 1 error
compiling stm32f0xx_hal_rtc.c...
.\STM32F0xx_HAL_Driver\Inc\stm32f0xx_hal_def.h(48): error:  #5: cannot open source input file "stm32f0xx.h": No such file or directory
  #include "stm32f0xx.h"
STM32F0xx_HAL_Driver\Src\stm32f0xx_hal_rtc.c: 0 warnings, 1 error
compiling stm32f0xx_hal_rtc_ex.c...
.\STM32F0xx_HAL_Driver\Inc\stm32f0xx_hal_def.h(48): error:  #5: cannot open source input file "stm32f0xx.h": No such file or directory
  #include "stm32f0xx.h"
STM32F0xx_HAL_Driver\Src\stm32f0xx_hal_rtc_ex.c: 0 warnings, 1 error
compiling stm32f0xx_hal_smartcard.c...
.\STM32F0xx_HAL_Driver\Inc\stm32f0xx_hal_def.h(48): error:  #5: cannot open source input file "stm32f0xx.h": No such file or directory
  #include "stm32f0xx.h"
STM32F0xx_HAL_Driver\Src\stm32f0xx_hal_smartcard.c: 0 warnings, 1 error
compiling stm32f0xx_hal_smartcard_ex.c...
.\STM32F0xx_HAL_Driver\Inc\stm32f0xx_hal_def.h(48): error:  #5: cannot open source input file "stm32f0xx.h": No such file or directory
  #include "stm32f0xx.h"
STM32F0xx_HAL_Driver\Src\stm32f0xx_hal_smartcard_ex.c: 0 warnings, 1 error
compiling stm32f0xx_hal_smbus.c...
.\STM32F0xx_HAL_Driver\Inc\stm32f0xx_hal_def.h(48): error:  #5: cannot open source input file "stm32f0xx.h": No such file or directory
  #include "stm32f0xx.h"
STM32F0xx_HAL_Driver\Src\stm32f0xx_hal_smbus.c: 0 warnings, 1 error
compiling stm32f0xx_hal_spi.c...
.\STM32F0xx_HAL_Driver\Inc\stm32f0xx_hal_def.h(48): error:  #5: cannot open source input file "stm32f0xx.h": No such file or directory
  #include "stm32f0xx.h"
STM32F0xx_HAL_Driver\Src\stm32f0xx_hal_spi.c: 0 warnings, 1 error
compiling stm32f0xx_hal_spi_ex.c...
.\STM32F0xx_HAL_Driver\Inc\stm32f0xx_hal_def.h(48): error:  #5: cannot open source input file "stm32f0xx.h": No such file or directory
  #include "stm32f0xx.h"
STM32F0xx_HAL_Driver\Src\stm32f0xx_hal_spi_ex.c: 0 warnings, 1 error
compiling stm32f0xx_hal_tim.c...
.\STM32F0xx_HAL_Driver\Inc\stm32f0xx_hal_def.h(48): error:  #5: cannot open source input file "stm32f0xx.h": No such file or directory
  #include "stm32f0xx.h"
STM32F0xx_HAL_Driver\Src\stm32f0xx_hal_tim.c: 0 warnings, 1 error
compiling stm32f0xx_hal_tim_ex.c...
.\STM32F0xx_HAL_Driver\Inc\stm32f0xx_hal_def.h(48): error:  #5: cannot open source input file "stm32f0xx.h": No such file or directory
  #include "stm32f0xx.h"
STM32F0xx_HAL_Driver\Src\stm32f0xx_hal_tim_ex.c: 0 warnings, 1 error
compiling stm32f0xx_hal_tsc.c...
.\STM32F0xx_HAL_Driver\Inc\stm32f0xx_hal_def.h(48): error:  #5: cannot open source input file "stm32f0xx.h": No such file or directory
  #include "stm32f0xx.h"
STM32F0xx_HAL_Driver\Src\stm32f0xx_hal_tsc.c: 0 warnings, 1 error
compiling stm32f0xx_hal_uart.c...
.\STM32F0xx_HAL_Driver\Inc\stm32f0xx_hal_def.h(48): error:  #5: cannot open source input file "stm32f0xx.h": No such file or directory
  #include "stm32f0xx.h"
STM32F0xx_HAL_Driver\Src\stm32f0xx_hal_uart.c: 0 warnings, 1 error
compiling stm32f0xx_hal_uart_ex.c...
.\STM32F0xx_HAL_Driver\Inc\stm32f0xx_hal_def.h(48): error:  #5: cannot open source input file "stm32f0xx.h": No such file or directory
  #include "stm32f0xx.h"
STM32F0xx_HAL_Driver\Src\stm32f0xx_hal_uart_ex.c: 0 warnings, 1 error
compiling stm32f0xx_hal_usart.c...
.\STM32F0xx_HAL_Driver\Inc\stm32f0xx_hal_def.h(48): error:  #5: cannot open source input file "stm32f0xx.h": No such file or directory
  #include "stm32f0xx.h"
STM32F0xx_HAL_Driver\Src\stm32f0xx_hal_usart.c: 0 warnings, 1 error
compiling stm32f0xx_hal_wwdg.c...
.\STM32F0xx_HAL_Driver\Inc\stm32f0xx_hal_def.h(48): error:  #5: cannot open source input file "stm32f0xx.h": No such file or directory
  #include "stm32f0xx.h"
STM32F0xx_HAL_Driver\Src\stm32f0xx_hal_wwdg.c: 0 warnings, 1 error
".\build\LED_Rotary_Dimmer.axf" - 43 Error(s), 0 Warning(s).
Target not created
file "mxconstants.h": No such file or directory
  #include "mxconstants.h" 
STM32F0xx_HAL_Driver\Src\stm32f0xx_hal_wwdg.c: 0 warnings, 1 error
".\build\LED_Rotary_Dimmer.axf" - 43 Error(s), 0 Warning(s).
Target not created
